Spark consumer started. Listening to Kafka topic: student_stream
Batch 0: no records
Batch 1: received 700 cleaned records
+---------+-----+
|pass_fail|count|
+---------+-----+
|Fail     |309  |
|Pass     |391  |
+---------+-----+

+-------+------------------+------------------+------------------+
|summary|math_score        |reading_score     |writing_score     |
+-------+------------------+------------------+------------------+
|count  |700               |700               |700               |
|mean   |64.24             |63.472857142857144|61.96             |
|stddev |17.631568774601565|18.24434708875246 |17.871776648454567|
|min    |15.0              |6.0               |0.0               |
|max    |100.0             |100.0             |100.0             |
+-------+------------------+------------------+------------------+

Batch 1: appended cleaned data to hdfs://100.109.78.104:9000/stream_output
Batch 2: received 117149 cleaned records
+---------+-----+
|pass_fail|count|
+---------+-----+
|Fail     |53071|
|Pass     |64078|
+---------+-----+

+-------+------------------+------------------+------------------+
|summary|math_score        |reading_score     |writing_score     |
+-------+------------------+------------------+------------------+
|count  |117149            |117149            |117149            |
|mean   |62.95189032770233 |62.52568097038814 |61.020691597879626|
|stddev |17.050411631605098|18.015404585423155|17.140838974115685|
|min    |0.0               |0.0               |0.0               |
|max    |100.0             |100.0             |100.0             |
+-------+------------------+------------------+------------------+

Batch 2: appended cleaned data to hdfs://100.109.78.104:9000/stream_output
Batch 3: received 82151 cleaned records
+---------+-----+
|pass_fail|count|
+---------+-----+
|Fail     |37231|
|Pass     |44920|
+---------+-----+

+-------+------------------+------------------+-----------------+
|summary|math_score        |reading_score     |writing_score    |
+-------+------------------+------------------+-----------------+
|count  |82151             |82151             |82151            |
|mean   |62.977517011357136|62.47553894657399 |60.95574003968302|
|stddev |17.08952100639091 |18.064176051717027|17.12957850556349|
|min    |0.0               |0.0               |0.0              |
|max    |100.0             |100.0             |100.0            |
+-------+------------------+------------------+-----------------+

Batch 3: appended cleaned data to hdfs://100.109.78.104:9000/stream_output
SUCCESS: The process with PID 30172 (child process of PID 11996) has been terminated.
SUCCESS: The process with PID 11996 (child process of PID 13268) has been terminated.
SUCCESS: The process with PID 13268 (child process of PID 13060) has been terminated.
