os - Alias not found.
DEPRECATED: A Log4j 1.x configuration file has been detected, which is no longer recommended. 
To use a Log4j 2.x configuration, please see https://logging.apache.org/log4j/2.x/migrate-from-log4j1.html#Log4j2ConfigurationFormat for details about Log4j configuration file migration. 
You can also use the C:\java\kafka_2.13-4.1.2/config/tool-log4j2.yaml file as a starting point. Make sure to remove the Log4j 1.x configuration after completing the migration. 
2026-06-13T16:17:05.415072800Z main ERROR RollingFileManager (C:\java\kafka_2.13-4.1.2/logs/server.log) java.io.FileNotFoundException: C:\java\kafka_2.13-4.1.2\logs\server.log (Access is denied)
java.io.FileNotFoundException: C:\java\kafka_2.13-4.1.2\logs\server.log (Access is denied)
	at java.base/java.io.FileOutputStream.open0(Native Method)
	at java.base/java.io.FileOutputStream.open(FileOutputStream.java:293)
	at java.base/java.io.FileOutputStream.<init>(FileOutputStream.java:235)
	at java.base/java.io.FileOutputStream.<init>(FileOutputStream.java:155)
	at org.apache.logging.log4j.core.appender.rolling.RollingFileManager$RollingFileManagerFactory.createManager(RollingFileManager.java:878)
	at org.apache.logging.log4j.core.appender.rolling.RollingFileManager$RollingFileManagerFactory.createManager(RollingFileManager.java:844)
	at org.apache.logging.log4j.core.appender.AbstractManager.getManager(AbstractManager.java:146)
	at org.apache.logging.log4j.core.appender.OutputStreamManager.getManager(OutputStreamManager.java:112)
	at org.apache.logging.log4j.core.appender.rolling.RollingFileManager.getFileManager(RollingFileManager.java:307)
	at org.apache.logging.log4j.core.appender.RollingFileAppender$Builder.build(RollingFileAppender.java:144)
	at org.apache.logging.log4j.core.appender.RollingFileAppender$Builder.build(RollingFileAppender.java:65)
	at org.apache.logging.log4j.core.config.plugins.util.PluginBuilder.build(PluginBuilder.java:124)
	at org.apache.logging.log4j.core.config.AbstractConfiguration.createPluginObject(AbstractConfiguration.java:1206)
	at org.apache.logging.log4j.core.config.AbstractConfiguration.createConfiguration(AbstractConfiguration.java:1125)
	at org.apache.logging.log4j.core.config.AbstractConfiguration.createConfiguration(AbstractConfiguration.java:1117)
	at org.apache.logging.log4j.core.config.AbstractConfiguration.doConfigure(AbstractConfiguration.java:715)
	at org.apache.logging.log4j.core.config.AbstractConfiguration.initialize(AbstractConfiguration.java:271)
	at org.apache.logging.log4j.core.config.AbstractConfiguration.start(AbstractConfiguration.java:324)
	at org.apache.logging.log4j.core.LoggerContext.setConfiguration(LoggerContext.java:697)
	at org.apache.logging.log4j.core.LoggerContext.reconfigure(LoggerContext.java:786)
	at org.apache.logging.log4j.core.LoggerContext.reconfigure(LoggerContext.java:808)
	at org.apache.logging.log4j.core.LoggerContext.start(LoggerContext.java:311)
	at org.apache.logging.log4j.core.impl.Log4jContextFactory.getContext(Log4jContextFactory.java:160)
	at org.apache.logging.log4j.core.impl.Log4jContextFactory.getContext(Log4jContextFactory.java:48)
	at org.apache.logging.log4j.LogManager.getContext(LogManager.java:139)
	at org.apache.logging.log4j.spi.AbstractLoggerAdapter.getContext(AbstractLoggerAdapter.java:138)
	at org.apache.logging.slf4j.Log4jLoggerFactory.getContext(Log4jLoggerFactory.java:58)
	at org.apache.logging.log4j.spi.AbstractLoggerAdapter.getLogger(AbstractLoggerAdapter.java:46)
	at org.apache.logging.slf4j.Log4jLoggerFactory.getLogger(Log4jLoggerFactory.java:32)
	at org.slf4j.LoggerFactory.getLogger(LoggerFactory.java:363)
	at com.typesafe.scalalogging.Logger$.apply(Logger.scala:31)
	at kafka.utils.Log4jControllerRegistration$.<clinit>(Logging.scala:25)
	at kafka.Kafka$.<clinit>(Kafka.scala:28)
	at kafka.Kafka.main(Kafka.scala)

2026-06-13T16:17:05.415072800Z main ERROR Could not create plugin of type class org.apache.logging.log4j.core.appender.RollingFileAppender for element RollingFile: java.lang.IllegalStateException: ManagerFactory [org.apache.logging.log4j.core.appender.rolling.RollingFileManager$RollingFileManagerFactory@49cb9cb5] unable to create manager for [C:\java\kafka_2.13-4.1.2/logs/server.log] with data [org.apache.logging.log4j.core.appender.rolling.RollingFileManager$FactoryData@55322aab[pattern=C:\java\kafka_2.13-4.1.2/logs/server.log.%d{yyyy-MM-dd-HH}, append=true, bufferedIO=true, bufferSize=8192, policy=TimeBasedTriggeringPolicy(nextRolloverMillis=0, interval=1, modulate=true), strategy=DefaultRolloverStrategy(min=1, max=7, useMax=true), advertiseURI=null, layout=[%d] %p %m (%c)%n, filePermissions=null, fileOwner=null]]
java.lang.IllegalStateException: ManagerFactory [org.apache.logging.log4j.core.appender.rolling.RollingFileManager$RollingFileManagerFactory@49cb9cb5] unable to create manager for [C:\java\kafka_2.13-4.1.2/logs/server.log] with data [org.apache.logging.log4j.core.appender.rolling.RollingFileManager$FactoryData@55322aab[pattern=C:\java\kafka_2.13-4.1.2/logs/server.log.%d{yyyy-MM-dd-HH}, append=true, bufferedIO=true, bufferSize=8192, policy=TimeBasedTriggeringPolicy(nextRolloverMillis=0, interval=1, modulate=true), strategy=DefaultRolloverStrategy(min=1, max=7, useMax=true), advertiseURI=null, layout=[%d] %p %m (%c)%n, filePermissions=null, fileOwner=null]]
	at org.apache.logging.log4j.core.appender.AbstractManager.getManager(AbstractManager.java:148)
	at org.apache.logging.log4j.core.appender.OutputStreamManager.getManager(OutputStreamManager.java:112)
	at org.apache.logging.log4j.core.appender.rolling.RollingFileManager.getFileManager(RollingFileManager.java:307)
	at org.apache.logging.log4j.core.appender.RollingFileAppender$Builder.build(RollingFileAppender.java:144)
	at org.apache.logging.log4j.core.appender.RollingFileAppender$Builder.build(RollingFileAppender.java:65)
	at org.apache.logging.log4j.core.config.plugins.util.PluginBuilder.build(PluginBuilder.java:124)
	at org.apache.logging.log4j.core.config.AbstractConfiguration.createPluginObject(AbstractConfiguration.java:1206)
	at org.apache.logging.log4j.core.config.AbstractConfiguration.createConfiguration(AbstractConfiguration.java:1125)
	at org.apache.logging.log4j.core.config.AbstractConfiguration.createConfiguration(AbstractConfiguration.java:1117)
	at org.apache.logging.log4j.core.config.AbstractConfiguration.doConfigure(AbstractConfiguration.java:715)
	at org.apache.logging.log4j.core.config.AbstractConfiguration.initialize(AbstractConfiguration.java:271)
	at org.apache.logging.log4j.core.config.AbstractConfiguration.start(AbstractConfiguration.java:324)
	at org.apache.logging.log4j.core.LoggerContext.setConfiguration(LoggerContext.java:697)
	at org.apache.logging.log4j.core.LoggerContext.reconfigure(LoggerContext.java:786)
	at org.apache.logging.log4j.core.LoggerContext.reconfigure(LoggerContext.java:808)
	at org.apache.logging.log4j.core.LoggerContext.start(LoggerContext.java:311)
	at org.apache.logging.log4j.core.impl.Log4jContextFactory.getContext(Log4jContextFactory.java:160)
	at org.apache.logging.log4j.core.impl.Log4jContextFactory.getContext(Log4jContextFactory.java:48)
	at org.apache.logging.log4j.LogManager.getContext(LogManager.java:139)
	at org.apache.logging.log4j.spi.AbstractLoggerAdapter.getContext(AbstractLoggerAdapter.java:138)
	at org.apache.logging.slf4j.Log4jLoggerFactory.getContext(Log4jLoggerFactory.java:58)
	at org.apache.logging.log4j.spi.AbstractLoggerAdapter.getLogger(AbstractLoggerAdapter.java:46)
	at org.apache.logging.slf4j.Log4jLoggerFactory.getLogger(Log4jLoggerFactory.java:32)
	at org.slf4j.LoggerFactory.getLogger(LoggerFactory.java:363)
	at com.typesafe.scalalogging.Logger$.apply(Logger.scala:31)
	at kafka.utils.Log4jControllerRegistration$.<clinit>(Logging.scala:25)
	at kafka.Kafka$.<clinit>(Kafka.scala:28)
	at kafka.Kafka.main(Kafka.scala)

2026-06-13T16:17:05.415072800Z main ERROR Unable to invoke factory method in class org.apache.logging.log4j.core.appender.RollingFileAppender for element RollingFile: java.lang.IllegalStateException: No factory method found for class org.apache.logging.log4j.core.appender.RollingFileAppender
java.lang.IllegalStateException: No factory method found for class org.apache.logging.log4j.core.appender.RollingFileAppender
	at org.apache.logging.log4j.core.config.plugins.util.PluginBuilder.findFactoryMethod(PluginBuilder.java:268)
	at org.apache.logging.log4j.core.config.plugins.util.PluginBuilder.build(PluginBuilder.java:140)
	at org.apache.logging.log4j.core.config.AbstractConfiguration.createPluginObject(AbstractConfiguration.java:1206)
	at org.apache.logging.log4j.core.config.AbstractConfiguration.createConfiguration(AbstractConfiguration.java:1125)
	at org.apache.logging.log4j.core.config.AbstractConfiguration.createConfiguration(AbstractConfiguration.java:1117)
	at org.apache.logging.log4j.core.config.AbstractConfiguration.doConfigure(AbstractConfiguration.java:715)
	at org.apache.logging.log4j.core.config.AbstractConfiguration.initialize(AbstractConfiguration.java:271)
	at org.apache.logging.log4j.core.config.AbstractConfiguration.start(AbstractConfiguration.java:324)
	at org.apache.logging.log4j.core.LoggerContext.setConfiguration(LoggerContext.java:697)
	at org.apache.logging.log4j.core.LoggerContext.reconfigure(LoggerContext.java:786)
	at org.apache.logging.log4j.core.LoggerContext.reconfigure(LoggerContext.java:808)
	at org.apache.logging.log4j.core.LoggerContext.start(LoggerContext.java:311)
	at org.apache.logging.log4j.core.impl.Log4jContextFactory.getContext(Log4jContextFactory.java:160)
	at org.apache.logging.log4j.core.impl.Log4jContextFactory.getContext(Log4jContextFactory.java:48)
	at org.apache.logging.log4j.LogManager.getContext(LogManager.java:139)
	at org.apache.logging.log4j.spi.AbstractLoggerAdapter.getContext(AbstractLoggerAdapter.java:138)
	at org.apache.logging.slf4j.Log4jLoggerFactory.getContext(Log4jLoggerFactory.java:58)
	at org.apache.logging.log4j.spi.AbstractLoggerAdapter.getLogger(AbstractLoggerAdapter.java:46)
	at org.apache.logging.slf4j.Log4jLoggerFactory.getLogger(Log4jLoggerFactory.java:32)
	at org.slf4j.LoggerFactory.getLogger(LoggerFactory.java:363)
	at com.typesafe.scalalogging.Logger$.apply(Logger.scala:31)
	at kafka.utils.Log4jControllerRegistration$.<clinit>(Logging.scala:25)
	at kafka.Kafka$.<clinit>(Kafka.scala:28)
	at kafka.Kafka.main(Kafka.scala)

2026-06-13T16:17:05.431061600Z main ERROR RollingFileManager (C:\java\kafka_2.13-4.1.2/logs/state-change.log) java.io.FileNotFoundException: C:\java\kafka_2.13-4.1.2\logs\state-change.log (Access is denied)
java.io.FileNotFoundException: C:\java\kafka_2.13-4.1.2\logs\state-change.log (Access is denied)
	at java.base/java.io.FileOutputStream.open0(Native Method)
	at java.base/java.io.FileOutputStream.open(FileOutputStream.java:293)
	at java.base/java.io.FileOutputStream.<init>(FileOutputStream.java:235)
	at java.base/java.io.FileOutputStream.<init>(FileOutputStream.java:155)
	at org.apache.logging.log4j.core.appender.rolling.RollingFileManager$RollingFileManagerFactory.createManager(RollingFileManager.java:878)
	at org.apache.logging.log4j.core.appender.rolling.RollingFileManager$RollingFileManagerFactory.createManager(RollingFileManager.java:844)
	at org.apache.logging.log4j.core.appender.AbstractManager.getManager(AbstractManager.java:146)
	at org.apache.logging.log4j.core.appender.OutputStreamManager.getManager(OutputStreamManager.java:112)
	at org.apache.logging.log4j.core.appender.rolling.RollingFileManager.getFileManager(RollingFileManager.java:307)
	at org.apache.logging.log4j.core.appender.RollingFileAppender$Builder.build(RollingFileAppender.java:144)
	at org.apache.logging.log4j.core.appender.RollingFileAppender$Builder.build(RollingFileAppender.java:65)
	at org.apache.logging.log4j.core.config.plugins.util.PluginBuilder.build(PluginBuilder.java:124)
	at org.apache.logging.log4j.core.config.AbstractConfiguration.createPluginObject(AbstractConfiguration.java:1206)
	at org.apache.logging.log4j.core.config.AbstractConfiguration.createConfiguration(AbstractConfiguration.java:1125)
	at org.apache.logging.log4j.core.config.AbstractConfiguration.createConfiguration(AbstractConfiguration.java:1117)
	at org.apache.logging.log4j.core.config.AbstractConfiguration.doConfigure(AbstractConfiguration.java:715)
	at org.apache.logging.log4j.core.config.AbstractConfiguration.initialize(AbstractConfiguration.java:271)
	at org.apache.logging.log4j.core.config.AbstractConfiguration.start(AbstractConfiguration.java:324)
	at org.apache.logging.log4j.core.LoggerContext.setConfiguration(LoggerContext.java:697)
	at org.apache.logging.log4j.core.LoggerContext.reconfigure(LoggerContext.java:786)
	at org.apache.logging.log4j.core.LoggerContext.reconfigure(LoggerContext.java:808)
	at org.apache.logging.log4j.core.LoggerContext.start(LoggerContext.java:311)
	at org.apache.logging.log4j.core.impl.Log4jContextFactory.getContext(Log4jContextFactory.java:160)
	at org.apache.logging.log4j.core.impl.Log4jContextFactory.getContext(Log4jContextFactory.java:48)
	at org.apache.logging.log4j.LogManager.getContext(LogManager.java:139)
	at org.apache.logging.log4j.spi.AbstractLoggerAdapter.getContext(AbstractLoggerAdapter.java:138)
	at org.apache.logging.slf4j.Log4jLoggerFactory.getContext(Log4jLoggerFactory.java:58)
	at org.apache.logging.log4j.spi.AbstractLoggerAdapter.getLogger(AbstractLoggerAdapter.java:46)
	at org.apache.logging.slf4j.Log4jLoggerFactory.getLogger(Log4jLoggerFactory.java:32)
	at org.slf4j.LoggerFactory.getLogger(LoggerFactory.java:363)
	at com.typesafe.scalalogging.Logger$.apply(Logger.scala:31)
	at kafka.utils.Log4jControllerRegistration$.<clinit>(Logging.scala:25)
	at kafka.Kafka$.<clinit>(Kafka.scala:28)
	at kafka.Kafka.main(Kafka.scala)

2026-06-13T16:17:05.431061600Z main ERROR Could not create plugin of type class org.apache.logging.log4j.core.appender.RollingFileAppender for element RollingFile: java.lang.IllegalStateException: ManagerFactory [org.apache.logging.log4j.core.appender.rolling.RollingFileManager$RollingFileManagerFactory@49cb9cb5] unable to create manager for [C:\java\kafka_2.13-4.1.2/logs/state-change.log] with data [org.apache.logging.log4j.core.appender.rolling.RollingFileManager$FactoryData@5629510[pattern=C:\java\kafka_2.13-4.1.2/logs/state-change.log.%d{yyyy-MM-dd-HH}, append=true, bufferedIO=true, bufferSize=8192, policy=TimeBasedTriggeringPolicy(nextRolloverMillis=0, interval=1, modulate=true), strategy=DefaultRolloverStrategy(min=1, max=7, useMax=true), advertiseURI=null, layout=[%d] %p %m (%c)%n, filePermissions=null, fileOwner=null]]
java.lang.IllegalStateException: ManagerFactory [org.apache.logging.log4j.core.appender.rolling.RollingFileManager$RollingFileManagerFactory@49cb9cb5] unable to create manager for [C:\java\kafka_2.13-4.1.2/logs/state-change.log] with data [org.apache.logging.log4j.core.appender.rolling.RollingFileManager$FactoryData@5629510[pattern=C:\java\kafka_2.13-4.1.2/logs/state-change.log.%d{yyyy-MM-dd-HH}, append=true, bufferedIO=true, bufferSize=8192, policy=TimeBasedTriggeringPolicy(nextRolloverMillis=0, interval=1, modulate=true), strategy=DefaultRolloverStrategy(min=1, max=7, useMax=true), advertiseURI=null, layout=[%d] %p %m (%c)%n, filePermissions=null, fileOwner=null]]
	at org.apache.logging.log4j.core.appender.AbstractManager.getManager(AbstractManager.java:148)
	at org.apache.logging.log4j.core.appender.OutputStreamManager.getManager(OutputStreamManager.java:112)
	at org.apache.logging.log4j.core.appender.rolling.RollingFileManager.getFileManager(RollingFileManager.java:307)
	at org.apache.logging.log4j.core.appender.RollingFileAppender$Builder.build(RollingFileAppender.java:144)
	at org.apache.logging.log4j.core.appender.RollingFileAppender$Builder.build(RollingFileAppender.java:65)
	at org.apache.logging.log4j.core.config.plugins.util.PluginBuilder.build(PluginBuilder.java:124)
	at org.apache.logging.log4j.core.config.AbstractConfiguration.createPluginObject(AbstractConfiguration.java:1206)
	at org.apache.logging.log4j.core.config.AbstractConfiguration.createConfiguration(AbstractConfiguration.java:1125)
	at org.apache.logging.log4j.core.config.AbstractConfiguration.createConfiguration(AbstractConfiguration.java:1117)
	at org.apache.logging.log4j.core.config.AbstractConfiguration.doConfigure(AbstractConfiguration.java:715)
	at org.apache.logging.log4j.core.config.AbstractConfiguration.initialize(AbstractConfiguration.java:271)
	at org.apache.logging.log4j.core.config.AbstractConfiguration.start(AbstractConfiguration.java:324)
	at org.apache.logging.log4j.core.LoggerContext.setConfiguration(LoggerContext.java:697)
	at org.apache.logging.log4j.core.LoggerContext.reconfigure(LoggerContext.java:786)
	at org.apache.logging.log4j.core.LoggerContext.reconfigure(LoggerContext.java:808)
	at org.apache.logging.log4j.core.LoggerContext.start(LoggerContext.java:311)
	at org.apache.logging.log4j.core.impl.Log4jContextFactory.getContext(Log4jContextFactory.java:160)
	at org.apache.logging.log4j.core.impl.Log4jContextFactory.getContext(Log4jContextFactory.java:48)
	at org.apache.logging.log4j.LogManager.getContext(LogManager.java:139)
	at org.apache.logging.log4j.spi.AbstractLoggerAdapter.getContext(AbstractLoggerAdapter.java:138)
	at org.apache.logging.slf4j.Log4jLoggerFactory.getContext(Log4jLoggerFactory.java:58)
	at org.apache.logging.log4j.spi.AbstractLoggerAdapter.getLogger(AbstractLoggerAdapter.java:46)
	at org.apache.logging.slf4j.Log4jLoggerFactory.getLogger(Log4jLoggerFactory.java:32)
	at org.slf4j.LoggerFactory.getLogger(LoggerFactory.java:363)
	at com.typesafe.scalalogging.Logger$.apply(Logger.scala:31)
	at kafka.utils.Log4jControllerRegistration$.<clinit>(Logging.scala:25)
	at kafka.Kafka$.<clinit>(Kafka.scala:28)
	at kafka.Kafka.main(Kafka.scala)

2026-06-13T16:17:05.431061600Z main ERROR Unable to invoke factory method in class org.apache.logging.log4j.core.appender.RollingFileAppender for element RollingFile: java.lang.IllegalStateException: No factory method found for class org.apache.logging.log4j.core.appender.RollingFileAppender
java.lang.IllegalStateException: No factory method found for class org.apache.logging.log4j.core.appender.RollingFileAppender
	at org.apache.logging.log4j.core.config.plugins.util.PluginBuilder.findFactoryMethod(PluginBuilder.java:268)
	at org.apache.logging.log4j.core.config.plugins.util.PluginBuilder.build(PluginBuilder.java:140)
	at org.apache.logging.log4j.core.config.AbstractConfiguration.createPluginObject(AbstractConfiguration.java:1206)
	at org.apache.logging.log4j.core.config.AbstractConfiguration.createConfiguration(AbstractConfiguration.java:1125)
	at org.apache.logging.log4j.core.config.AbstractConfiguration.createConfiguration(AbstractConfiguration.java:1117)
	at org.apache.logging.log4j.core.config.AbstractConfiguration.doConfigure(AbstractConfiguration.java:715)
	at org.apache.logging.log4j.core.config.AbstractConfiguration.initialize(AbstractConfiguration.java:271)
	at org.apache.logging.log4j.core.config.AbstractConfiguration.start(AbstractConfiguration.java:324)
	at org.apache.logging.log4j.core.LoggerContext.setConfiguration(LoggerContext.java:697)
	at org.apache.logging.log4j.core.LoggerContext.reconfigure(LoggerContext.java:786)
	at org.apache.logging.log4j.core.LoggerContext.reconfigure(LoggerContext.java:808)
	at org.apache.logging.log4j.core.LoggerContext.start(LoggerContext.java:311)
	at org.apache.logging.log4j.core.impl.Log4jContextFactory.getContext(Log4jContextFactory.java:160)
	at org.apache.logging.log4j.core.impl.Log4jContextFactory.getContext(Log4jContextFactory.java:48)
	at org.apache.logging.log4j.LogManager.getContext(LogManager.java:139)
	at org.apache.logging.log4j.spi.AbstractLoggerAdapter.getContext(AbstractLoggerAdapter.java:138)
	at org.apache.logging.slf4j.Log4jLoggerFactory.getContext(Log4jLoggerFactory.java:58)
	at org.apache.logging.log4j.spi.AbstractLoggerAdapter.getLogger(AbstractLoggerAdapter.java:46)
	at org.apache.logging.slf4j.Log4jLoggerFactory.getLogger(Log4jLoggerFactory.java:32)
	at org.slf4j.LoggerFactory.getLogger(LoggerFactory.java:363)
	at com.typesafe.scalalogging.Logger$.apply(Logger.scala:31)
	at kafka.utils.Log4jControllerRegistration$.<clinit>(Logging.scala:25)
	at kafka.Kafka$.<clinit>(Kafka.scala:28)
	at kafka.Kafka.main(Kafka.scala)

2026-06-13T16:17:05.436183500Z main ERROR RollingFileManager (C:\java\kafka_2.13-4.1.2/logs/kafka-request.log) java.io.FileNotFoundException: C:\java\kafka_2.13-4.1.2\logs\kafka-request.log (Access is denied)
java.io.FileNotFoundException: C:\java\kafka_2.13-4.1.2\logs\kafka-request.log (Access is denied)
	at java.base/java.io.FileOutputStream.open0(Native Method)
	at java.base/java.io.FileOutputStream.open(FileOutputStream.java:293)
	at java.base/java.io.FileOutputStream.<init>(FileOutputStream.java:235)
	at java.base/java.io.FileOutputStream.<init>(FileOutputStream.java:155)
	at org.apache.logging.log4j.core.appender.rolling.RollingFileManager$RollingFileManagerFactory.createManager(RollingFileManager.java:878)
	at org.apache.logging.log4j.core.appender.rolling.RollingFileManager$RollingFileManagerFactory.createManager(RollingFileManager.java:844)
	at org.apache.logging.log4j.core.appender.AbstractManager.getManager(AbstractManager.java:146)
	at org.apache.logging.log4j.core.appender.OutputStreamManager.getManager(OutputStreamManager.java:112)
	at org.apache.logging.log4j.core.appender.rolling.RollingFileManager.getFileManager(RollingFileManager.java:307)
	at org.apache.logging.log4j.core.appender.RollingFileAppender$Builder.build(RollingFileAppender.java:144)
	at org.apache.logging.log4j.core.appender.RollingFileAppender$Builder.build(RollingFileAppender.java:65)
	at org.apache.logging.log4j.core.config.plugins.util.PluginBuilder.build(PluginBuilder.java:124)
	at org.apache.logging.log4j.core.config.AbstractConfiguration.createPluginObject(AbstractConfiguration.java:1206)
	at org.apache.logging.log4j.core.config.AbstractConfiguration.createConfiguration(AbstractConfiguration.java:1125)
	at org.apache.logging.log4j.core.config.AbstractConfiguration.createConfiguration(AbstractConfiguration.java:1117)
	at org.apache.logging.log4j.core.config.AbstractConfiguration.doConfigure(AbstractConfiguration.java:715)
	at org.apache.logging.log4j.core.config.AbstractConfiguration.initialize(AbstractConfiguration.java:271)
	at org.apache.logging.log4j.core.config.AbstractConfiguration.start(AbstractConfiguration.java:324)
	at org.apache.logging.log4j.core.LoggerContext.setConfiguration(LoggerContext.java:697)
	at org.apache.logging.log4j.core.LoggerContext.reconfigure(LoggerContext.java:786)
	at org.apache.logging.log4j.core.LoggerContext.reconfigure(LoggerContext.java:808)
	at org.apache.logging.log4j.core.LoggerContext.start(LoggerContext.java:311)
	at org.apache.logging.log4j.core.impl.Log4jContextFactory.getContext(Log4jContextFactory.java:160)
	at org.apache.logging.log4j.core.impl.Log4jContextFactory.getContext(Log4jContextFactory.java:48)
	at org.apache.logging.log4j.LogManager.getContext(LogManager.java:139)
	at org.apache.logging.log4j.spi.AbstractLoggerAdapter.getContext(AbstractLoggerAdapter.java:138)
	at org.apache.logging.slf4j.Log4jLoggerFactory.getContext(Log4jLoggerFactory.java:58)
	at org.apache.logging.log4j.spi.AbstractLoggerAdapter.getLogger(AbstractLoggerAdapter.java:46)
	at org.apache.logging.slf4j.Log4jLoggerFactory.getLogger(Log4jLoggerFactory.java:32)
	at org.slf4j.LoggerFactory.getLogger(LoggerFactory.java:363)
	at com.typesafe.scalalogging.Logger$.apply(Logger.scala:31)
	at kafka.utils.Log4jControllerRegistration$.<clinit>(Logging.scala:25)
	at kafka.Kafka$.<clinit>(Kafka.scala:28)
	at kafka.Kafka.main(Kafka.scala)

2026-06-13T16:17:05.436183500Z main ERROR Could not create plugin of type class org.apache.logging.log4j.core.appender.RollingFileAppender for element RollingFile: java.lang.IllegalStateException: ManagerFactory [org.apache.logging.log4j.core.appender.rolling.RollingFileManager$RollingFileManagerFactory@49cb9cb5] unable to create manager for [C:\java\kafka_2.13-4.1.2/logs/kafka-request.log] with data [org.apache.logging.log4j.core.appender.rolling.RollingFileManager$FactoryData@2826f61[pattern=C:\java\kafka_2.13-4.1.2/logs/kafka-request.log.%d{yyyy-MM-dd-HH}, append=true, bufferedIO=true, bufferSize=8192, policy=TimeBasedTriggeringPolicy(nextRolloverMillis=0, interval=1, modulate=true), strategy=DefaultRolloverStrategy(min=1, max=7, useMax=true), advertiseURI=null, layout=[%d] %p %m (%c)%n, filePermissions=null, fileOwner=null]]
java.lang.IllegalStateException: ManagerFactory [org.apache.logging.log4j.core.appender.rolling.RollingFileManager$RollingFileManagerFactory@49cb9cb5] unable to create manager for [C:\java\kafka_2.13-4.1.2/logs/kafka-request.log] with data [org.apache.logging.log4j.core.appender.rolling.RollingFileManager$FactoryData@2826f61[pattern=C:\java\kafka_2.13-4.1.2/logs/kafka-request.log.%d{yyyy-MM-dd-HH}, append=true, bufferedIO=true, bufferSize=8192, policy=TimeBasedTriggeringPolicy(nextRolloverMillis=0, interval=1, modulate=true), strategy=DefaultRolloverStrategy(min=1, max=7, useMax=true), advertiseURI=null, layout=[%d] %p %m (%c)%n, filePermissions=null, fileOwner=null]]
	at org.apache.logging.log4j.core.appender.AbstractManager.getManager(AbstractManager.java:148)
	at org.apache.logging.log4j.core.appender.OutputStreamManager.getManager(OutputStreamManager.java:112)
	at org.apache.logging.log4j.core.appender.rolling.RollingFileManager.getFileManager(RollingFileManager.java:307)
	at org.apache.logging.log4j.core.appender.RollingFileAppender$Builder.build(RollingFileAppender.java:144)
	at org.apache.logging.log4j.core.appender.RollingFileAppender$Builder.build(RollingFileAppender.java:65)
	at org.apache.logging.log4j.core.config.plugins.util.PluginBuilder.build(PluginBuilder.java:124)
	at org.apache.logging.log4j.core.config.AbstractConfiguration.createPluginObject(AbstractConfiguration.java:1206)
	at org.apache.logging.log4j.core.config.AbstractConfiguration.createConfiguration(AbstractConfiguration.java:1125)
	at org.apache.logging.log4j.core.config.AbstractConfiguration.createConfiguration(AbstractConfiguration.java:1117)
	at org.apache.logging.log4j.core.config.AbstractConfiguration.doConfigure(AbstractConfiguration.java:715)
	at org.apache.logging.log4j.core.config.AbstractConfiguration.initialize(AbstractConfiguration.java:271)
	at org.apache.logging.log4j.core.config.AbstractConfiguration.start(AbstractConfiguration.java:324)
	at org.apache.logging.log4j.core.LoggerContext.setConfiguration(LoggerContext.java:697)
	at org.apache.logging.log4j.core.LoggerContext.reconfigure(LoggerContext.java:786)
	at org.apache.logging.log4j.core.LoggerContext.reconfigure(LoggerContext.java:808)
	at org.apache.logging.log4j.core.LoggerContext.start(LoggerContext.java:311)
	at org.apache.logging.log4j.core.impl.Log4jContextFactory.getContext(Log4jContextFactory.java:160)
	at org.apache.logging.log4j.core.impl.Log4jContextFactory.getContext(Log4jContextFactory.java:48)
	at org.apache.logging.log4j.LogManager.getContext(LogManager.java:139)
	at org.apache.logging.log4j.spi.AbstractLoggerAdapter.getContext(AbstractLoggerAdapter.java:138)
	at org.apache.logging.slf4j.Log4jLoggerFactory.getContext(Log4jLoggerFactory.java:58)
	at org.apache.logging.log4j.spi.AbstractLoggerAdapter.getLogger(AbstractLoggerAdapter.java:46)
	at org.apache.logging.slf4j.Log4jLoggerFactory.getLogger(Log4jLoggerFactory.java:32)
	at org.slf4j.LoggerFactory.getLogger(LoggerFactory.java:363)
	at com.typesafe.scalalogging.Logger$.apply(Logger.scala:31)
	at kafka.utils.Log4jControllerRegistration$.<clinit>(Logging.scala:25)
	at kafka.Kafka$.<clinit>(Kafka.scala:28)
	at kafka.Kafka.main(Kafka.scala)

2026-06-13T16:17:05.436183500Z main ERROR Unable to invoke factory method in class org.apache.logging.log4j.core.appender.RollingFileAppender for element RollingFile: java.lang.IllegalStateException: No factory method found for class org.apache.logging.log4j.core.appender.RollingFileAppender
java.lang.IllegalStateException: No factory method found for class org.apache.logging.log4j.core.appender.RollingFileAppender
	at org.apache.logging.log4j.core.config.plugins.util.PluginBuilder.findFactoryMethod(PluginBuilder.java:268)
	at org.apache.logging.log4j.core.config.plugins.util.PluginBuilder.build(PluginBuilder.java:140)
	at org.apache.logging.log4j.core.config.AbstractConfiguration.createPluginObject(AbstractConfiguration.java:1206)
	at org.apache.logging.log4j.core.config.AbstractConfiguration.createConfiguration(AbstractConfiguration.java:1125)
	at org.apache.logging.log4j.core.config.AbstractConfiguration.createConfiguration(AbstractConfiguration.java:1117)
	at org.apache.logging.log4j.core.config.AbstractConfiguration.doConfigure(AbstractConfiguration.java:715)
	at org.apache.logging.log4j.core.config.AbstractConfiguration.initialize(AbstractConfiguration.java:271)
	at org.apache.logging.log4j.core.config.AbstractConfiguration.start(AbstractConfiguration.java:324)
	at org.apache.logging.log4j.core.LoggerContext.setConfiguration(LoggerContext.java:697)
	at org.apache.logging.log4j.core.LoggerContext.reconfigure(LoggerContext.java:786)
	at org.apache.logging.log4j.core.LoggerContext.reconfigure(LoggerContext.java:808)
	at org.apache.logging.log4j.core.LoggerContext.start(LoggerContext.java:311)
	at org.apache.logging.log4j.core.impl.Log4jContextFactory.getContext(Log4jContextFactory.java:160)
	at org.apache.logging.log4j.core.impl.Log4jContextFactory.getContext(Log4jContextFactory.java:48)
	at org.apache.logging.log4j.LogManager.getContext(LogManager.java:139)
	at org.apache.logging.log4j.spi.AbstractLoggerAdapter.getContext(AbstractLoggerAdapter.java:138)
	at org.apache.logging.slf4j.Log4jLoggerFactory.getContext(Log4jLoggerFactory.java:58)
	at org.apache.logging.log4j.spi.AbstractLoggerAdapter.getLogger(AbstractLoggerAdapter.java:46)
	at org.apache.logging.slf4j.Log4jLoggerFactory.getLogger(Log4jLoggerFactory.java:32)
	at org.slf4j.LoggerFactory.getLogger(LoggerFactory.java:363)
	at com.typesafe.scalalogging.Logger$.apply(Logger.scala:31)
	at kafka.utils.Log4jControllerRegistration$.<clinit>(Logging.scala:25)
	at kafka.Kafka$.<clinit>(Kafka.scala:28)
	at kafka.Kafka.main(Kafka.scala)

2026-06-13T16:17:05.443116200Z main ERROR RollingFileManager (C:\java\kafka_2.13-4.1.2/logs/log-cleaner.log) java.io.FileNotFoundException: C:\java\kafka_2.13-4.1.2\logs\log-cleaner.log (Access is denied)
java.io.FileNotFoundException: C:\java\kafka_2.13-4.1.2\logs\log-cleaner.log (Access is denied)
	at java.base/java.io.FileOutputStream.open0(Native Method)
	at java.base/java.io.FileOutputStream.open(FileOutputStream.java:293)
	at java.base/java.io.FileOutputStream.<init>(FileOutputStream.java:235)
	at java.base/java.io.FileOutputStream.<init>(FileOutputStream.java:155)
	at org.apache.logging.log4j.core.appender.rolling.RollingFileManager$RollingFileManagerFactory.createManager(RollingFileManager.java:878)
	at org.apache.logging.log4j.core.appender.rolling.RollingFileManager$RollingFileManagerFactory.createManager(RollingFileManager.java:844)
	at org.apache.logging.log4j.core.appender.AbstractManager.getManager(AbstractManager.java:146)
	at org.apache.logging.log4j.core.appender.OutputStreamManager.getManager(OutputStreamManager.java:112)
	at org.apache.logging.log4j.core.appender.rolling.RollingFileManager.getFileManager(RollingFileManager.java:307)
	at org.apache.logging.log4j.core.appender.RollingFileAppender$Builder.build(RollingFileAppender.java:144)
	at org.apache.logging.log4j.core.appender.RollingFileAppender$Builder.build(RollingFileAppender.java:65)
	at org.apache.logging.log4j.core.config.plugins.util.PluginBuilder.build(PluginBuilder.java:124)
	at org.apache.logging.log4j.core.config.AbstractConfiguration.createPluginObject(AbstractConfiguration.java:1206)
	at org.apache.logging.log4j.core.config.AbstractConfiguration.createConfiguration(AbstractConfiguration.java:1125)
	at org.apache.logging.log4j.core.config.AbstractConfiguration.createConfiguration(AbstractConfiguration.java:1117)
	at org.apache.logging.log4j.core.config.AbstractConfiguration.doConfigure(AbstractConfiguration.java:715)
	at org.apache.logging.log4j.core.config.AbstractConfiguration.initialize(AbstractConfiguration.java:271)
	at org.apache.logging.log4j.core.config.AbstractConfiguration.start(AbstractConfiguration.java:324)
	at org.apache.logging.log4j.core.LoggerContext.setConfiguration(LoggerContext.java:697)
	at org.apache.logging.log4j.core.LoggerContext.reconfigure(LoggerContext.java:786)
	at org.apache.logging.log4j.core.LoggerContext.reconfigure(LoggerContext.java:808)
	at org.apache.logging.log4j.core.LoggerContext.start(LoggerContext.java:311)
	at org.apache.logging.log4j.core.impl.Log4jContextFactory.getContext(Log4jContextFactory.java:160)
	at org.apache.logging.log4j.core.impl.Log4jContextFactory.getContext(Log4jContextFactory.java:48)
	at org.apache.logging.log4j.LogManager.getContext(LogManager.java:139)
	at org.apache.logging.log4j.spi.AbstractLoggerAdapter.getContext(AbstractLoggerAdapter.java:138)
	at org.apache.logging.slf4j.Log4jLoggerFactory.getContext(Log4jLoggerFactory.java:58)
	at org.apache.logging.log4j.spi.AbstractLoggerAdapter.getLogger(AbstractLoggerAdapter.java:46)
	at org.apache.logging.slf4j.Log4jLoggerFactory.getLogger(Log4jLoggerFactory.java:32)
	at org.slf4j.LoggerFactory.getLogger(LoggerFactory.java:363)
	at com.typesafe.scalalogging.Logger$.apply(Logger.scala:31)
	at kafka.utils.Log4jControllerRegistration$.<clinit>(Logging.scala:25)
	at kafka.Kafka$.<clinit>(Kafka.scala:28)
	at kafka.Kafka.main(Kafka.scala)

2026-06-13T16:17:05.443116200Z main ERROR Could not create plugin of type class org.apache.logging.log4j.core.appender.RollingFileAppender for element RollingFile: java.lang.IllegalStateException: ManagerFactory [org.apache.logging.log4j.core.appender.rolling.RollingFileManager$RollingFileManagerFactory@49cb9cb5] unable to create manager for [C:\java\kafka_2.13-4.1.2/logs/log-cleaner.log] with data [org.apache.logging.log4j.core.appender.rolling.RollingFileManager$FactoryData@2654635[pattern=C:\java\kafka_2.13-4.1.2/logs/log-cleaner.log.%d{yyyy-MM-dd-HH}, append=true, bufferedIO=true, bufferSize=8192, policy=TimeBasedTriggeringPolicy(nextRolloverMillis=0, interval=1, modulate=true), strategy=DefaultRolloverStrategy(min=1, max=7, useMax=true), advertiseURI=null, layout=[%d] %p %m (%c)%n, filePermissions=null, fileOwner=null]]
java.lang.IllegalStateException: ManagerFactory [org.apache.logging.log4j.core.appender.rolling.RollingFileManager$RollingFileManagerFactory@49cb9cb5] unable to create manager for [C:\java\kafka_2.13-4.1.2/logs/log-cleaner.log] with data [org.apache.logging.log4j.core.appender.rolling.RollingFileManager$FactoryData@2654635[pattern=C:\java\kafka_2.13-4.1.2/logs/log-cleaner.log.%d{yyyy-MM-dd-HH}, append=true, bufferedIO=true, bufferSize=8192, policy=TimeBasedTriggeringPolicy(nextRolloverMillis=0, interval=1, modulate=true), strategy=DefaultRolloverStrategy(min=1, max=7, useMax=true), advertiseURI=null, layout=[%d] %p %m (%c)%n, filePermissions=null, fileOwner=null]]
	at org.apache.logging.log4j.core.appender.AbstractManager.getManager(AbstractManager.java:148)
	at org.apache.logging.log4j.core.appender.OutputStreamManager.getManager(OutputStreamManager.java:112)
	at org.apache.logging.log4j.core.appender.rolling.RollingFileManager.getFileManager(RollingFileManager.java:307)
	at org.apache.logging.log4j.core.appender.RollingFileAppender$Builder.build(RollingFileAppender.java:144)
	at org.apache.logging.log4j.core.appender.RollingFileAppender$Builder.build(RollingFileAppender.java:65)
	at org.apache.logging.log4j.core.config.plugins.util.PluginBuilder.build(PluginBuilder.java:124)
	at org.apache.logging.log4j.core.config.AbstractConfiguration.createPluginObject(AbstractConfiguration.java:1206)
	at org.apache.logging.log4j.core.config.AbstractConfiguration.createConfiguration(AbstractConfiguration.java:1125)
	at org.apache.logging.log4j.core.config.AbstractConfiguration.createConfiguration(AbstractConfiguration.java:1117)
	at org.apache.logging.log4j.core.config.AbstractConfiguration.doConfigure(AbstractConfiguration.java:715)
	at org.apache.logging.log4j.core.config.AbstractConfiguration.initialize(AbstractConfiguration.java:271)
	at org.apache.logging.log4j.core.config.AbstractConfiguration.start(AbstractConfiguration.java:324)
	at org.apache.logging.log4j.core.LoggerContext.setConfiguration(LoggerContext.java:697)
	at org.apache.logging.log4j.core.LoggerContext.reconfigure(LoggerContext.java:786)
	at org.apache.logging.log4j.core.LoggerContext.reconfigure(LoggerContext.java:808)
	at org.apache.logging.log4j.core.LoggerContext.start(LoggerContext.java:311)
	at org.apache.logging.log4j.core.impl.Log4jContextFactory.getContext(Log4jContextFactory.java:160)
	at org.apache.logging.log4j.core.impl.Log4jContextFactory.getContext(Log4jContextFactory.java:48)
	at org.apache.logging.log4j.LogManager.getContext(LogManager.java:139)
	at org.apache.logging.log4j.spi.AbstractLoggerAdapter.getContext(AbstractLoggerAdapter.java:138)
	at org.apache.logging.slf4j.Log4jLoggerFactory.getContext(Log4jLoggerFactory.java:58)
	at org.apache.logging.log4j.spi.AbstractLoggerAdapter.getLogger(AbstractLoggerAdapter.java:46)
	at org.apache.logging.slf4j.Log4jLoggerFactory.getLogger(Log4jLoggerFactory.java:32)
	at org.slf4j.LoggerFactory.getLogger(LoggerFactory.java:363)
	at com.typesafe.scalalogging.Logger$.apply(Logger.scala:31)
	at kafka.utils.Log4jControllerRegistration$.<clinit>(Logging.scala:25)
	at kafka.Kafka$.<clinit>(Kafka.scala:28)
	at kafka.Kafka.main(Kafka.scala)

2026-06-13T16:17:05.447153200Z main ERROR Unable to invoke factory method in class org.apache.logging.log4j.core.appender.RollingFileAppender for element RollingFile: java.lang.IllegalStateException: No factory method found for class org.apache.logging.log4j.core.appender.RollingFileAppender
java.lang.IllegalStateException: No factory method found for class org.apache.logging.log4j.core.appender.RollingFileAppender
	at org.apache.logging.log4j.core.config.plugins.util.PluginBuilder.findFactoryMethod(PluginBuilder.java:268)
	at org.apache.logging.log4j.core.config.plugins.util.PluginBuilder.build(PluginBuilder.java:140)
	at org.apache.logging.log4j.core.config.AbstractConfiguration.createPluginObject(AbstractConfiguration.java:1206)
	at org.apache.logging.log4j.core.config.AbstractConfiguration.createConfiguration(AbstractConfiguration.java:1125)
	at org.apache.logging.log4j.core.config.AbstractConfiguration.createConfiguration(AbstractConfiguration.java:1117)
	at org.apache.logging.log4j.core.config.AbstractConfiguration.doConfigure(AbstractConfiguration.java:715)
	at org.apache.logging.log4j.core.config.AbstractConfiguration.initialize(AbstractConfiguration.java:271)
	at org.apache.logging.log4j.core.config.AbstractConfiguration.start(AbstractConfiguration.java:324)
	at org.apache.logging.log4j.core.LoggerContext.setConfiguration(LoggerContext.java:697)
	at org.apache.logging.log4j.core.LoggerContext.reconfigure(LoggerContext.java:786)
	at org.apache.logging.log4j.core.LoggerContext.reconfigure(LoggerContext.java:808)
	at org.apache.logging.log4j.core.LoggerContext.start(LoggerContext.java:311)
	at org.apache.logging.log4j.core.impl.Log4jContextFactory.getContext(Log4jContextFactory.java:160)
	at org.apache.logging.log4j.core.impl.Log4jContextFactory.getContext(Log4jContextFactory.java:48)
	at org.apache.logging.log4j.LogManager.getContext(LogManager.java:139)
	at org.apache.logging.log4j.spi.AbstractLoggerAdapter.getContext(AbstractLoggerAdapter.java:138)
	at org.apache.logging.slf4j.Log4jLoggerFactory.getContext(Log4jLoggerFactory.java:58)
	at org.apache.logging.log4j.spi.AbstractLoggerAdapter.getLogger(AbstractLoggerAdapter.java:46)
	at org.apache.logging.slf4j.Log4jLoggerFactory.getLogger(Log4jLoggerFactory.java:32)
	at org.slf4j.LoggerFactory.getLogger(LoggerFactory.java:363)
	at com.typesafe.scalalogging.Logger$.apply(Logger.scala:31)
	at kafka.utils.Log4jControllerRegistration$.<clinit>(Logging.scala:25)
	at kafka.Kafka$.<clinit>(Kafka.scala:28)
	at kafka.Kafka.main(Kafka.scala)

2026-06-13T16:17:05.448543100Z main ERROR RollingFileManager (C:\java\kafka_2.13-4.1.2/logs/controller.log) java.io.FileNotFoundException: C:\java\kafka_2.13-4.1.2\logs\controller.log (Access is denied)
java.io.FileNotFoundException: C:\java\kafka_2.13-4.1.2\logs\controller.log (Access is denied)
	at java.base/java.io.FileOutputStream.open0(Native Method)
	at java.base/java.io.FileOutputStream.open(FileOutputStream.java:293)
	at java.base/java.io.FileOutputStream.<init>(FileOutputStream.java:235)
	at java.base/java.io.FileOutputStream.<init>(FileOutputStream.java:155)
	at org.apache.logging.log4j.core.appender.rolling.RollingFileManager$RollingFileManagerFactory.createManager(RollingFileManager.java:878)
	at org.apache.logging.log4j.core.appender.rolling.RollingFileManager$RollingFileManagerFactory.createManager(RollingFileManager.java:844)
	at org.apache.logging.log4j.core.appender.AbstractManager.getManager(AbstractManager.java:146)
	at org.apache.logging.log4j.core.appender.OutputStreamManager.getManager(OutputStreamManager.java:112)
	at org.apache.logging.log4j.core.appender.rolling.RollingFileManager.getFileManager(RollingFileManager.java:307)
	at org.apache.logging.log4j.core.appender.RollingFileAppender$Builder.build(RollingFileAppender.java:144)
	at org.apache.logging.log4j.core.appender.RollingFileAppender$Builder.build(RollingFileAppender.java:65)
	at org.apache.logging.log4j.core.config.plugins.util.PluginBuilder.build(PluginBuilder.java:124)
	at org.apache.logging.log4j.core.config.AbstractConfiguration.createPluginObject(AbstractConfiguration.java:1206)
	at org.apache.logging.log4j.core.config.AbstractConfiguration.createConfiguration(AbstractConfiguration.java:1125)
	at org.apache.logging.log4j.core.config.AbstractConfiguration.createConfiguration(AbstractConfiguration.java:1117)
	at org.apache.logging.log4j.core.config.AbstractConfiguration.doConfigure(AbstractConfiguration.java:715)
	at org.apache.logging.log4j.core.config.AbstractConfiguration.initialize(AbstractConfiguration.java:271)
	at org.apache.logging.log4j.core.config.AbstractConfiguration.start(AbstractConfiguration.java:324)
	at org.apache.logging.log4j.core.LoggerContext.setConfiguration(LoggerContext.java:697)
	at org.apache.logging.log4j.core.LoggerContext.reconfigure(LoggerContext.java:786)
	at org.apache.logging.log4j.core.LoggerContext.reconfigure(LoggerContext.java:808)
	at org.apache.logging.log4j.core.LoggerContext.start(LoggerContext.java:311)
	at org.apache.logging.log4j.core.impl.Log4jContextFactory.getContext(Log4jContextFactory.java:160)
	at org.apache.logging.log4j.core.impl.Log4jContextFactory.getContext(Log4jContextFactory.java:48)
	at org.apache.logging.log4j.LogManager.getContext(LogManager.java:139)
	at org.apache.logging.log4j.spi.AbstractLoggerAdapter.getContext(AbstractLoggerAdapter.java:138)
	at org.apache.logging.slf4j.Log4jLoggerFactory.getContext(Log4jLoggerFactory.java:58)
	at org.apache.logging.log4j.spi.AbstractLoggerAdapter.getLogger(AbstractLoggerAdapter.java:46)
	at org.apache.logging.slf4j.Log4jLoggerFactory.getLogger(Log4jLoggerFactory.java:32)
	at org.slf4j.LoggerFactory.getLogger(LoggerFactory.java:363)
	at com.typesafe.scalalogging.Logger$.apply(Logger.scala:31)
	at kafka.utils.Log4jControllerRegistration$.<clinit>(Logging.scala:25)
	at kafka.Kafka$.<clinit>(Kafka.scala:28)
	at kafka.Kafka.main(Kafka.scala)

2026-06-13T16:17:05.448543100Z main ERROR Could not create plugin of type class org.apache.logging.log4j.core.appender.RollingFileAppender for element RollingFile: java.lang.IllegalStateException: ManagerFactory [org.apache.logging.log4j.core.appender.rolling.RollingFileManager$RollingFileManagerFactory@49cb9cb5] unable to create manager for [C:\java\kafka_2.13-4.1.2/logs/controller.log] with data [org.apache.logging.log4j.core.appender.rolling.RollingFileManager$FactoryData@3da05287[pattern=C:\java\kafka_2.13-4.1.2/logs/controller.log.%d{yyyy-MM-dd-HH}, append=true, bufferedIO=true, bufferSize=8192, policy=TimeBasedTriggeringPolicy(nextRolloverMillis=0, interval=1, modulate=true), strategy=DefaultRolloverStrategy(min=1, max=7, useMax=true), advertiseURI=null, layout=[%d] %p %m (%c)%n, filePermissions=null, fileOwner=null]]
java.lang.IllegalStateException: ManagerFactory [org.apache.logging.log4j.core.appender.rolling.RollingFileManager$RollingFileManagerFactory@49cb9cb5] unable to create manager for [C:\java\kafka_2.13-4.1.2/logs/controller.log] with data [org.apache.logging.log4j.core.appender.rolling.RollingFileManager$FactoryData@3da05287[pattern=C:\java\kafka_2.13-4.1.2/logs/controller.log.%d{yyyy-MM-dd-HH}, append=true, bufferedIO=true, bufferSize=8192, policy=TimeBasedTriggeringPolicy(nextRolloverMillis=0, interval=1, modulate=true), strategy=DefaultRolloverStrategy(min=1, max=7, useMax=true), advertiseURI=null, layout=[%d] %p %m (%c)%n, filePermissions=null, fileOwner=null]]
	at org.apache.logging.log4j.core.appender.AbstractManager.getManager(AbstractManager.java:148)
	at org.apache.logging.log4j.core.appender.OutputStreamManager.getManager(OutputStreamManager.java:112)
	at org.apache.logging.log4j.core.appender.rolling.RollingFileManager.getFileManager(RollingFileManager.java:307)
	at org.apache.logging.log4j.core.appender.RollingFileAppender$Builder.build(RollingFileAppender.java:144)
	at org.apache.logging.log4j.core.appender.RollingFileAppender$Builder.build(RollingFileAppender.java:65)
	at org.apache.logging.log4j.core.config.plugins.util.PluginBuilder.build(PluginBuilder.java:124)
	at org.apache.logging.log4j.core.config.AbstractConfiguration.createPluginObject(AbstractConfiguration.java:1206)
	at org.apache.logging.log4j.core.config.AbstractConfiguration.createConfiguration(AbstractConfiguration.java:1125)
	at org.apache.logging.log4j.core.config.AbstractConfiguration.createConfiguration(AbstractConfiguration.java:1117)
	at org.apache.logging.log4j.core.config.AbstractConfiguration.doConfigure(AbstractConfiguration.java:715)
	at org.apache.logging.log4j.core.config.AbstractConfiguration.initialize(AbstractConfiguration.java:271)
	at org.apache.logging.log4j.core.config.AbstractConfiguration.start(AbstractConfiguration.java:324)
	at org.apache.logging.log4j.core.LoggerContext.setConfiguration(LoggerContext.java:697)
	at org.apache.logging.log4j.core.LoggerContext.reconfigure(LoggerContext.java:786)
	at org.apache.logging.log4j.core.LoggerContext.reconfigure(LoggerContext.java:808)
	at org.apache.logging.log4j.core.LoggerContext.start(LoggerContext.java:311)
	at org.apache.logging.log4j.core.impl.Log4jContextFactory.getContext(Log4jContextFactory.java:160)
	at org.apache.logging.log4j.core.impl.Log4jContextFactory.getContext(Log4jContextFactory.java:48)
	at org.apache.logging.log4j.LogManager.getContext(LogManager.java:139)
	at org.apache.logging.log4j.spi.AbstractLoggerAdapter.getContext(AbstractLoggerAdapter.java:138)
	at org.apache.logging.slf4j.Log4jLoggerFactory.getContext(Log4jLoggerFactory.java:58)
	at org.apache.logging.log4j.spi.AbstractLoggerAdapter.getLogger(AbstractLoggerAdapter.java:46)
	at org.apache.logging.slf4j.Log4jLoggerFactory.getLogger(Log4jLoggerFactory.java:32)
	at org.slf4j.LoggerFactory.getLogger(LoggerFactory.java:363)
	at com.typesafe.scalalogging.Logger$.apply(Logger.scala:31)
	at kafka.utils.Log4jControllerRegistration$.<clinit>(Logging.scala:25)
	at kafka.Kafka$.<clinit>(Kafka.scala:28)
	at kafka.Kafka.main(Kafka.scala)

2026-06-13T16:17:05.448543100Z main ERROR Unable to invoke factory method in class org.apache.logging.log4j.core.appender.RollingFileAppender for element RollingFile: java.lang.IllegalStateException: No factory method found for class org.apache.logging.log4j.core.appender.RollingFileAppender
java.lang.IllegalStateException: No factory method found for class org.apache.logging.log4j.core.appender.RollingFileAppender
	at org.apache.logging.log4j.core.config.plugins.util.PluginBuilder.findFactoryMethod(PluginBuilder.java:268)
	at org.apache.logging.log4j.core.config.plugins.util.PluginBuilder.build(PluginBuilder.java:140)
	at org.apache.logging.log4j.core.config.AbstractConfiguration.createPluginObject(AbstractConfiguration.java:1206)
	at org.apache.logging.log4j.core.config.AbstractConfiguration.createConfiguration(AbstractConfiguration.java:1125)
	at org.apache.logging.log4j.core.config.AbstractConfiguration.createConfiguration(AbstractConfiguration.java:1117)
	at org.apache.logging.log4j.core.config.AbstractConfiguration.doConfigure(AbstractConfiguration.java:715)
	at org.apache.logging.log4j.core.config.AbstractConfiguration.initialize(AbstractConfiguration.java:271)
	at org.apache.logging.log4j.core.config.AbstractConfiguration.start(AbstractConfiguration.java:324)
	at org.apache.logging.log4j.core.LoggerContext.setConfiguration(LoggerContext.java:697)
	at org.apache.logging.log4j.core.LoggerContext.reconfigure(LoggerContext.java:786)
	at org.apache.logging.log4j.core.LoggerContext.reconfigure(LoggerContext.java:808)
	at org.apache.logging.log4j.core.LoggerContext.start(LoggerContext.java:311)
	at org.apache.logging.log4j.core.impl.Log4jContextFactory.getContext(Log4jContextFactory.java:160)
	at org.apache.logging.log4j.core.impl.Log4jContextFactory.getContext(Log4jContextFactory.java:48)
	at org.apache.logging.log4j.LogManager.getContext(LogManager.java:139)
	at org.apache.logging.log4j.spi.AbstractLoggerAdapter.getContext(AbstractLoggerAdapter.java:138)
	at org.apache.logging.slf4j.Log4jLoggerFactory.getContext(Log4jLoggerFactory.java:58)
	at org.apache.logging.log4j.spi.AbstractLoggerAdapter.getLogger(AbstractLoggerAdapter.java:46)
	at org.apache.logging.slf4j.Log4jLoggerFactory.getLogger(Log4jLoggerFactory.java:32)
	at org.slf4j.LoggerFactory.getLogger(LoggerFactory.java:363)
	at com.typesafe.scalalogging.Logger$.apply(Logger.scala:31)
	at kafka.utils.Log4jControllerRegistration$.<clinit>(Logging.scala:25)
	at kafka.Kafka$.<clinit>(Kafka.scala:28)
	at kafka.Kafka.main(Kafka.scala)

2026-06-13T16:17:05.448543100Z main ERROR RollingFileManager (C:\java\kafka_2.13-4.1.2/logs/kafka-authorizer.log) java.io.FileNotFoundException: C:\java\kafka_2.13-4.1.2\logs\kafka-authorizer.log (Access is denied)
java.io.FileNotFoundException: C:\java\kafka_2.13-4.1.2\logs\kafka-authorizer.log (Access is denied)
	at java.base/java.io.FileOutputStream.open0(Native Method)
	at java.base/java.io.FileOutputStream.open(FileOutputStream.java:293)
	at java.base/java.io.FileOutputStream.<init>(FileOutputStream.java:235)
	at java.base/java.io.FileOutputStream.<init>(FileOutputStream.java:155)
	at org.apache.logging.log4j.core.appender.rolling.RollingFileManager$RollingFileManagerFactory.createManager(RollingFileManager.java:878)
	at org.apache.logging.log4j.core.appender.rolling.RollingFileManager$RollingFileManagerFactory.createManager(RollingFileManager.java:844)
	at org.apache.logging.log4j.core.appender.AbstractManager.getManager(AbstractManager.java:146)
	at org.apache.logging.log4j.core.appender.OutputStreamManager.getManager(OutputStreamManager.java:112)
	at org.apache.logging.log4j.core.appender.rolling.RollingFileManager.getFileManager(RollingFileManager.java:307)
	at org.apache.logging.log4j.core.appender.RollingFileAppender$Builder.build(RollingFileAppender.java:144)
	at org.apache.logging.log4j.core.appender.RollingFileAppender$Builder.build(RollingFileAppender.java:65)
	at org.apache.logging.log4j.core.config.plugins.util.PluginBuilder.build(PluginBuilder.java:124)
	at org.apache.logging.log4j.core.config.AbstractConfiguration.createPluginObject(AbstractConfiguration.java:1206)
	at org.apache.logging.log4j.core.config.AbstractConfiguration.createConfiguration(AbstractConfiguration.java:1125)
	at org.apache.logging.log4j.core.config.AbstractConfiguration.createConfiguration(AbstractConfiguration.java:1117)
	at org.apache.logging.log4j.core.config.AbstractConfiguration.doConfigure(AbstractConfiguration.java:715)
	at org.apache.logging.log4j.core.config.AbstractConfiguration.initialize(AbstractConfiguration.java:271)
	at org.apache.logging.log4j.core.config.AbstractConfiguration.start(AbstractConfiguration.java:324)
	at org.apache.logging.log4j.core.LoggerContext.setConfiguration(LoggerContext.java:697)
	at org.apache.logging.log4j.core.LoggerContext.reconfigure(LoggerContext.java:786)
	at org.apache.logging.log4j.core.LoggerContext.reconfigure(LoggerContext.java:808)
	at org.apache.logging.log4j.core.LoggerContext.start(LoggerContext.java:311)
	at org.apache.logging.log4j.core.impl.Log4jContextFactory.getContext(Log4jContextFactory.java:160)
	at org.apache.logging.log4j.core.impl.Log4jContextFactory.getContext(Log4jContextFactory.java:48)
	at org.apache.logging.log4j.LogManager.getContext(LogManager.java:139)
	at org.apache.logging.log4j.spi.AbstractLoggerAdapter.getContext(AbstractLoggerAdapter.java:138)
	at org.apache.logging.slf4j.Log4jLoggerFactory.getContext(Log4jLoggerFactory.java:58)
	at org.apache.logging.log4j.spi.AbstractLoggerAdapter.getLogger(AbstractLoggerAdapter.java:46)
	at org.apache.logging.slf4j.Log4jLoggerFactory.getLogger(Log4jLoggerFactory.java:32)
	at org.slf4j.LoggerFactory.getLogger(LoggerFactory.java:363)
	at com.typesafe.scalalogging.Logger$.apply(Logger.scala:31)
	at kafka.utils.Log4jControllerRegistration$.<clinit>(Logging.scala:25)
	at kafka.Kafka$.<clinit>(Kafka.scala:28)
	at kafka.Kafka.main(Kafka.scala)

2026-06-13T16:17:05.458837900Z main ERROR Could not create plugin of type class org.apache.logging.log4j.core.appender.RollingFileAppender for element RollingFile: java.lang.IllegalStateException: ManagerFactory [org.apache.logging.log4j.core.appender.rolling.RollingFileManager$RollingFileManagerFactory@49cb9cb5] unable to create manager for [C:\java\kafka_2.13-4.1.2/logs/kafka-authorizer.log] with data [org.apache.logging.log4j.core.appender.rolling.RollingFileManager$FactoryData@63f8276e[pattern=C:\java\kafka_2.13-4.1.2/logs/kafka-authorizer.log.%d{yyyy-MM-dd-HH}, append=true, bufferedIO=true, bufferSize=8192, policy=TimeBasedTriggeringPolicy(nextRolloverMillis=0, interval=1, modulate=true), strategy=DefaultRolloverStrategy(min=1, max=7, useMax=true), advertiseURI=null, layout=[%d] %p %m (%c)%n, filePermissions=null, fileOwner=null]]
java.lang.IllegalStateException: ManagerFactory [org.apache.logging.log4j.core.appender.rolling.RollingFileManager$RollingFileManagerFactory@49cb9cb5] unable to create manager for [C:\java\kafka_2.13-4.1.2/logs/kafka-authorizer.log] with data [org.apache.logging.log4j.core.appender.rolling.RollingFileManager$FactoryData@63f8276e[pattern=C:\java\kafka_2.13-4.1.2/logs/kafka-authorizer.log.%d{yyyy-MM-dd-HH}, append=true, bufferedIO=true, bufferSize=8192, policy=TimeBasedTriggeringPolicy(nextRolloverMillis=0, interval=1, modulate=true), strategy=DefaultRolloverStrategy(min=1, max=7, useMax=true), advertiseURI=null, layout=[%d] %p %m (%c)%n, filePermissions=null, fileOwner=null]]
	at org.apache.logging.log4j.core.appender.AbstractManager.getManager(AbstractManager.java:148)
	at org.apache.logging.log4j.core.appender.OutputStreamManager.getManager(OutputStreamManager.java:112)
	at org.apache.logging.log4j.core.appender.rolling.RollingFileManager.getFileManager(RollingFileManager.java:307)
	at org.apache.logging.log4j.core.appender.RollingFileAppender$Builder.build(RollingFileAppender.java:144)
	at org.apache.logging.log4j.core.appender.RollingFileAppender$Builder.build(RollingFileAppender.java:65)
	at org.apache.logging.log4j.core.config.plugins.util.PluginBuilder.build(PluginBuilder.java:124)
	at org.apache.logging.log4j.core.config.AbstractConfiguration.createPluginObject(AbstractConfiguration.java:1206)
	at org.apache.logging.log4j.core.config.AbstractConfiguration.createConfiguration(AbstractConfiguration.java:1125)
	at org.apache.logging.log4j.core.config.AbstractConfiguration.createConfiguration(AbstractConfiguration.java:1117)
	at org.apache.logging.log4j.core.config.AbstractConfiguration.doConfigure(AbstractConfiguration.java:715)
	at org.apache.logging.log4j.core.config.AbstractConfiguration.initialize(AbstractConfiguration.java:271)
	at org.apache.logging.log4j.core.config.AbstractConfiguration.start(AbstractConfiguration.java:324)
	at org.apache.logging.log4j.core.LoggerContext.setConfiguration(LoggerContext.java:697)
	at org.apache.logging.log4j.core.LoggerContext.reconfigure(LoggerContext.java:786)
	at org.apache.logging.log4j.core.LoggerContext.reconfigure(LoggerContext.java:808)
	at org.apache.logging.log4j.core.LoggerContext.start(LoggerContext.java:311)
	at org.apache.logging.log4j.core.impl.Log4jContextFactory.getContext(Log4jContextFactory.java:160)
	at org.apache.logging.log4j.core.impl.Log4jContextFactory.getContext(Log4jContextFactory.java:48)
	at org.apache.logging.log4j.LogManager.getContext(LogManager.java:139)
	at org.apache.logging.log4j.spi.AbstractLoggerAdapter.getContext(AbstractLoggerAdapter.java:138)
	at org.apache.logging.slf4j.Log4jLoggerFactory.getContext(Log4jLoggerFactory.java:58)
	at org.apache.logging.log4j.spi.AbstractLoggerAdapter.getLogger(AbstractLoggerAdapter.java:46)
	at org.apache.logging.slf4j.Log4jLoggerFactory.getLogger(Log4jLoggerFactory.java:32)
	at org.slf4j.LoggerFactory.getLogger(LoggerFactory.java:363)
	at com.typesafe.scalalogging.Logger$.apply(Logger.scala:31)
	at kafka.utils.Log4jControllerRegistration$.<clinit>(Logging.scala:25)
	at kafka.Kafka$.<clinit>(Kafka.scala:28)
	at kafka.Kafka.main(Kafka.scala)

2026-06-13T16:17:05.458837900Z main ERROR Unable to invoke factory method in class org.apache.logging.log4j.core.appender.RollingFileAppender for element RollingFile: java.lang.IllegalStateException: No factory method found for class org.apache.logging.log4j.core.appender.RollingFileAppender
java.lang.IllegalStateException: No factory method found for class org.apache.logging.log4j.core.appender.RollingFileAppender
	at org.apache.logging.log4j.core.config.plugins.util.PluginBuilder.findFactoryMethod(PluginBuilder.java:268)
	at org.apache.logging.log4j.core.config.plugins.util.PluginBuilder.build(PluginBuilder.java:140)
	at org.apache.logging.log4j.core.config.AbstractConfiguration.createPluginObject(AbstractConfiguration.java:1206)
	at org.apache.logging.log4j.core.config.AbstractConfiguration.createConfiguration(AbstractConfiguration.java:1125)
	at org.apache.logging.log4j.core.config.AbstractConfiguration.createConfiguration(AbstractConfiguration.java:1117)
	at org.apache.logging.log4j.core.config.AbstractConfiguration.doConfigure(AbstractConfiguration.java:715)
	at org.apache.logging.log4j.core.config.AbstractConfiguration.initialize(AbstractConfiguration.java:271)
	at org.apache.logging.log4j.core.config.AbstractConfiguration.start(AbstractConfiguration.java:324)
	at org.apache.logging.log4j.core.LoggerContext.setConfiguration(LoggerContext.java:697)
	at org.apache.logging.log4j.core.LoggerContext.reconfigure(LoggerContext.java:786)
	at org.apache.logging.log4j.core.LoggerContext.reconfigure(LoggerContext.java:808)
	at org.apache.logging.log4j.core.LoggerContext.start(LoggerContext.java:311)
	at org.apache.logging.log4j.core.impl.Log4jContextFactory.getContext(Log4jContextFactory.java:160)
	at org.apache.logging.log4j.core.impl.Log4jContextFactory.getContext(Log4jContextFactory.java:48)
	at org.apache.logging.log4j.LogManager.getContext(LogManager.java:139)
	at org.apache.logging.log4j.spi.AbstractLoggerAdapter.getContext(AbstractLoggerAdapter.java:138)
	at org.apache.logging.slf4j.Log4jLoggerFactory.getContext(Log4jLoggerFactory.java:58)
	at org.apache.logging.log4j.spi.AbstractLoggerAdapter.getLogger(AbstractLoggerAdapter.java:46)
	at org.apache.logging.slf4j.Log4jLoggerFactory.getLogger(Log4jLoggerFactory.java:32)
	at org.slf4j.LoggerFactory.getLogger(LoggerFactory.java:363)
	at com.typesafe.scalalogging.Logger$.apply(Logger.scala:31)
	at kafka.utils.Log4jControllerRegistration$.<clinit>(Logging.scala:25)
	at kafka.Kafka$.<clinit>(Kafka.scala:28)
	at kafka.Kafka.main(Kafka.scala)

2026-06-13T16:17:05.458837900Z main ERROR Null object returned for RollingFile in Appenders.
2026-06-13T16:17:05.458837900Z main ERROR Null object returned for RollingFile in Appenders.
2026-06-13T16:17:05.458837900Z main ERROR Null object returned for RollingFile in Appenders.
2026-06-13T16:17:05.458837900Z main ERROR Null object returned for RollingFile in Appenders.
2026-06-13T16:17:05.458837900Z main ERROR Null object returned for RollingFile in Appenders.
2026-06-13T16:17:05.458837900Z main ERROR Null object returned for RollingFile in Appenders.
2026-06-13T16:17:05.464381600Z main ERROR Unable to locate appender "KafkaAppender" for logger config "root"
2026-06-13T16:17:05.464381600Z main ERROR Unable to locate appender "ControllerAppender" for logger config "org.apache.kafka.controller"
2026-06-13T16:17:05.464381600Z main ERROR Unable to locate appender "CleanerAppender" for logger config "org.apache.kafka.storage.internals.log.LogCleaner"
2026-06-13T16:17:05.464381600Z main ERROR Unable to locate appender "CleanerAppender" for logger config "org.apache.kafka.storage.internals.log.Cleaner"
2026-06-13T16:17:05.464381600Z main ERROR Unable to locate appender "RequestAppender" for logger config "kafka.request.logger"
2026-06-13T16:17:05.464381600Z main ERROR Unable to locate appender "RequestAppender" for logger config "kafka.network.RequestChannel$"
2026-06-13T16:17:05.464381600Z main ERROR Unable to locate appender "AuthorizerAppender" for logger config "kafka.authorizer.logger"
2026-06-13T16:17:05.464381600Z main ERROR Unable to locate appender "StateChangeAppender" for logger config "state.change.logger"
2026-06-13T16:17:05.464381600Z main ERROR Unable to locate appender "CleanerAppender" for logger config "org.apache.kafka.storage.internals.log.LogCleaner$CleanerThread"
