[2026-06-13 23:17:05,498] INFO Registered `kafka:type=kafka.Log4jController` MBean (kafka.utils.Log4jControllerRegistration$)
[2026-06-13 23:17:06,298] INFO [ControllerServer id=1] Starting controller (kafka.server.ControllerServer)
[2026-06-13 23:17:07,295] INFO Updated connection-accept-rate max connection creation rate to 2147483647 (kafka.network.ConnectionQuotas)
[2026-06-13 23:17:07,529] INFO [SocketServer listenerType=CONTROLLER, nodeId=1] Created data-plane acceptor and processors for endpoint : ListenerName(CONTROLLER) (kafka.network.SocketServer)
[2026-06-13 23:17:07,548] INFO CONTROLLER: resolved wildcard host to laptop-iblt90m9.tailbbd111.ts.net. (org.apache.kafka.metadata.ListenerInfo)
[2026-06-13 23:17:07,561] INFO authorizerStart completed for endpoint CONTROLLER. Endpoint is now READY. (org.apache.kafka.server.network.EndpointReadyFutures)
[2026-06-13 23:17:07,566] INFO [SharedServer id=1] Starting SharedServer (kafka.server.SharedServer)
[2026-06-13 23:17:07,703] ERROR [SharedServer id=1] Got exception while starting SharedServer (kafka.server.SharedServer)
java.nio.file.AccessDeniedException: C:\java\kafka_2.13-4.1.2\kraft-combined-logs\__cluster_metadata-0\00000000000000000000.log
	at java.base/sun.nio.fs.WindowsException.translateToIOException(WindowsException.java:89)
	at java.base/sun.nio.fs.WindowsException.rethrowAsIOException(WindowsException.java:103)
	at java.base/sun.nio.fs.WindowsException.rethrowAsIOException(WindowsException.java:108)
	at java.base/sun.nio.fs.WindowsFileSystemProvider.newFileChannel(WindowsFileSystemProvider.java:121)
	at java.base/java.nio.channels.FileChannel.open(FileChannel.java:298)
	at java.base/java.nio.channels.FileChannel.open(FileChannel.java:357)
	at org.apache.kafka.common.record.FileRecords.openChannel(FileRecords.java:486)
	at org.apache.kafka.common.record.FileRecords.open(FileRecords.java:449)
	at org.apache.kafka.common.record.FileRecords.open(FileRecords.java:458)
	at org.apache.kafka.storage.internals.log.LogSegment.open(LogSegment.java:881)
	at org.apache.kafka.storage.internals.log.LogLoader.loadSegmentFiles(LogLoader.java:376)
	at org.apache.kafka.storage.internals.log.LogLoader.lambda$load$0(LogLoader.java:204)
	at org.apache.kafka.storage.internals.log.LogLoader.retryOnOffsetOverflow(LogLoader.java:329)
	at org.apache.kafka.storage.internals.log.LogLoader.load(LogLoader.java:198)
	at org.apache.kafka.storage.internals.log.UnifiedLog.create(UnifiedLog.java:360)
	at org.apache.kafka.storage.internals.log.UnifiedLog.create(UnifiedLog.java:271)
	at kafka.raft.KafkaMetadataLog$.apply(KafkaMetadataLog.scala:628)
	at kafka.raft.KafkaRaftManager.buildMetadataLog(RaftManager.scala:234)
	at kafka.raft.KafkaRaftManager.<init>(RaftManager.scala:153)
	at kafka.server.SharedServer.start(SharedServer.scala:296)
	at kafka.server.SharedServer.startForController(SharedServer.scala:161)
	at kafka.server.ControllerServer.startup(ControllerServer.scala:193)
	at kafka.server.KafkaRaftServer.$anonfun$startup$1(KafkaRaftServer.scala:94)
	at kafka.server.KafkaRaftServer.$anonfun$startup$1$adapted(KafkaRaftServer.scala:94)
	at scala.Option.foreach(Option.scala:437)
	at kafka.server.KafkaRaftServer.startup(KafkaRaftServer.scala:94)
	at kafka.Kafka$.main(Kafka.scala:97)
	at kafka.Kafka.main(Kafka.scala)
[2026-06-13 23:17:07,703] ERROR Encountered fatal fault: caught exception (org.apache.kafka.server.fault.ProcessTerminatingFaultHandler)
java.nio.file.AccessDeniedException: C:\java\kafka_2.13-4.1.2\kraft-combined-logs\__cluster_metadata-0\00000000000000000000.log
	at java.base/sun.nio.fs.WindowsException.translateToIOException(WindowsException.java:89)
	at java.base/sun.nio.fs.WindowsException.rethrowAsIOException(WindowsException.java:103)
	at java.base/sun.nio.fs.WindowsException.rethrowAsIOException(WindowsException.java:108)
	at java.base/sun.nio.fs.WindowsFileSystemProvider.newFileChannel(WindowsFileSystemProvider.java:121)
	at java.base/java.nio.channels.FileChannel.open(FileChannel.java:298)
	at java.base/java.nio.channels.FileChannel.open(FileChannel.java:357)
	at org.apache.kafka.common.record.FileRecords.openChannel(FileRecords.java:486)
	at org.apache.kafka.common.record.FileRecords.open(FileRecords.java:449)
	at org.apache.kafka.common.record.FileRecords.open(FileRecords.java:458)
	at org.apache.kafka.storage.internals.log.LogSegment.open(LogSegment.java:881)
	at org.apache.kafka.storage.internals.log.LogLoader.loadSegmentFiles(LogLoader.java:376)
	at org.apache.kafka.storage.internals.log.LogLoader.lambda$load$0(LogLoader.java:204)
	at org.apache.kafka.storage.internals.log.LogLoader.retryOnOffsetOverflow(LogLoader.java:329)
	at org.apache.kafka.storage.internals.log.LogLoader.load(LogLoader.java:198)
	at org.apache.kafka.storage.internals.log.UnifiedLog.create(UnifiedLog.java:360)
	at org.apache.kafka.storage.internals.log.UnifiedLog.create(UnifiedLog.java:271)
	at kafka.raft.KafkaMetadataLog$.apply(KafkaMetadataLog.scala:628)
	at kafka.raft.KafkaRaftManager.buildMetadataLog(RaftManager.scala:234)
	at kafka.raft.KafkaRaftManager.<init>(RaftManager.scala:153)
	at kafka.server.SharedServer.start(SharedServer.scala:296)
	at kafka.server.SharedServer.startForController(SharedServer.scala:161)
	at kafka.server.ControllerServer.startup(ControllerServer.scala:193)
	at kafka.server.KafkaRaftServer.$anonfun$startup$1(KafkaRaftServer.scala:94)
	at kafka.server.KafkaRaftServer.$anonfun$startup$1$adapted(KafkaRaftServer.scala:94)
	at scala.Option.foreach(Option.scala:437)
	at kafka.server.KafkaRaftServer.startup(KafkaRaftServer.scala:94)
	at kafka.Kafka$.main(Kafka.scala:97)
	at kafka.Kafka.main(Kafka.scala)
